
> llm-aggregation-platform@1.0.0 test
> node --test

✔ group mapper accepts only the exact ordered active directory DTO (1.312167ms)
✔ group API calls only the exact active directory path (0.168875ms)
✔ group choices do not call the directory without groups.read and omit group_guid (0.218709ms)
✔ A14 contract requires the explicit backend contract path (0.3625ms)
✔ frontend A14 contract exactly matches the frozen backend contract (5.263542ms)
✔ exports the closed public state vocabulary (0.821083ms)
✔ moves idle through verifying and submitting to succeeded and clears all transient values (0.487375ms)
✔ generates and validates the one workflow key before a deferred Issue request (0.149875ms)
✔ throwing subscribers at verifying and terminal cannot block settlement or other subscribers (4.656167ms)
✔ every known Issue or Execute failure enters failed and reset is the only failed-to-idle transition (0.657416ms)
✔ an invalid random source becomes a known failure instead of leaving the run unresolved (0.090292ms)
✔ an ambiguous Execute moves unknown to querying and queries with the original key without replaying POST (2.031167ms)
✔ a network-ambiguous Execute also queries, while the same failure during Issue is known failed (0.202042ms)
✔ processing schedules bounded integer Retry-After polling and remains querying (0.675166ms)
✔ Query succeeded, failed, and pending_recovery are terminal and pending recovery never schedules again (0.253375ms)
✔ duplicate clicks share one run and cannot replay Issue or Execute (0.096584ms)
✔ unmount cancels pending polling, ignores late work, and clears the original key (5.129792ms)
✔ rejects invalid scheduler handles and thrown or synchronous scheduling without hanging or replaying an API call (1.923584ms)
✔ isolates a throwing cancel so unmount still clears state, settles, and blocks the late callback (1.895167ms)
✔ unmount clears a completed active run and later start returns only the disposed failure (0.266625ms)
✔ terminal cleanup isolates a throwing cancel and a failed terminal can still reset (1.694833ms)
✔ a scheduled callback is single-consume and a late competing Query cannot disturb its terminal result (0.722375ms)
✔ late resolution or rejection from an in-flight Query after unmount is silently discarded (3.119625ms)
✔ request arguments prove password, ticket, and key stay in their required stages and old values are not reused (0.6625ms)
✔ generates one canonical key from exactly 32 injected random bytes and has no persistence or logging channels (0.249917ms)
✔ Issue uses the exact body and sends no action headers (2.512084ms)
✔ Execute receives the caller key and sends exactly one ticket and key header (0.285417ms)
✔ Query uses only the original key header and literal users.delete scope (0.159292ms)
✔ Issue and Execute never retry a 401 or ambiguous network failure (0.310875ms)
✔ strictly validates exact Issue, Execute, and Query response keys (0.404167ms)
✔ maps failures to five public fields without retaining secrets or transport internals (0.421209ms)
✔ only a valid 429 Retry-After enters the public error and invalid envelopes stay generic (0.135292ms)
✔ Query exposes only a bounded processing Retry-After value (0.122709ms)
✔ requires exact HTTP success status, no-store, request ID, and processing Retry-After metadata (0.505708ms)
✔ requires operation_ref on commit unknown and forbids Retry-After on legacy 401 (0.143208ms)
✔ rejects noncanonical caller headers and invalid Unicode reasons before transport (0.205208ms)
✔ a transport error cannot impersonate an internal response-validation failure (2.732208ms)
✔ exports a frozen closed state vocabulary (0.986583ms)
✔ ordinary creation skips verification and reuses one idempotency key for an exact-scope query (0.834041ms)
✔ administrator verification and create use the same normalized request and one key (0.319042ms)
✔ duplicate clicks share one logical attempt and cannot duplicate verification or create (0.158083ms)
✔ ordinary synchronous subscriber restart keeps attempt promises, keys, and secrets isolated (0.209583ms)
✔ administrator synchronous subscriber restart cannot cross verification secrets or attempts (0.160375ms)
✔ bounded polling clamps delays and succeeds without replaying POST (5.274875ms)
✔ polling stops after five responses and reports pending recovery (1.972792ms)
✔ query terminal failure retains only a safe failure code (0.2365ms)
✔ unsafe failure codes and unsafe operation references never enter snapshots (0.23275ms)
✔ a mismatched created-user result fails closed before entering a snapshot (0.098583ms)
✔ reset during verification clears the old password, ticket, and key and ignores the late response (1.714666ms)
✔ reset cancels polling and a new attempt cannot reuse the old key (1.387ms)
✔ unmount clears in-flight secrets, blocks query recovery, and ignores late rejection (0.875375ms)
✔ completed snapshots contain only safe state, operation ref, failure code, and created user (0.383584ms)
✔ invalid random sources and scheduler failures settle without API replay (0.776416ms)
✔ normalizes one exact request while preserving password bytes and canonical override order (1.077375ms)
✔ rejects unsafe or noncanonical create input before transport (0.460458ms)
✔ create validation does not trust mutable exported capability metadata (0.091709ms)
✔ administrator verification sends the exact normalized intent and no action headers (0.271042ms)
✔ ordinary create sends exactly one idempotency header and strict 201 maps the created user (0.306334ms)
✔ administrator create sends exactly one ticket and key header (0.148125ms)
✔ query uses only the original key and one exact create scope (0.200292ms)
✔ requires exact success status, security headers, and response DTOs (2.838041ms)
✔ rejects unsafe operation envelopes and Retry-After combinations (0.530083ms)
✔ maps established action errors plus A03 codes without transport details (1.392334ms)
✔ commit unknown requires one opaque operation ref and unsafe errors become generic (0.338291ms)
✔ POSTs are attempted once and transport errors cannot impersonate response validation (0.263792ms)
✔ builds the exact B1-D query and rejects invalid pagination (2.251458ms)
✔ omits the default active and disabled status and rejects an overlong search instead of truncating it (0.225125ms)
✔ maps UserReadDTO and rejects unsafe or incomplete values (0.704875ms)
✔ permission projection fails closed for unknown or duplicate capabilities (0.126917ms)
✔ validates the fixed catalog including the unavailable quota capability (0.172583ms)
✔ permission rows obey the fixed catalog semantics (0.228167ms)
✔ admin state ignores late list success, error, and finally after a newer filter request (0.251458ms)
✔ admin state announces the recovered page before requesting the last page (0.158208ms)
✔ a stale A response cannot erase data loaded by B after authentication invalidation (0.152ms)
✔ a stale A finally cannot clear B loading state after authentication invalidation (0.131333ms)
✔ admin detail waits for the target role before requesting Root-only permissions and clears a hidden target error (0.254333ms)
✔ browser adapter cleans old credentials preserving preferences, and broadcasts only epoch (0.802917ms)
✔ missing WebLocks, BroadcastChannel or secure context blocks authentication (1.438875ms)
✔ error display supports nested errors and detail while ignoring HTML/text/Blob (0.654083ms)
✔ POST generation 401 is returned once without refresh or clearing identity (13.277666ms)
✔ five safe GETs share refresh; delayed old-token 401 uses new generation (0.84875ms)
✔ old response and old 401 cannot cross identity epochs (1.624ms)
✔ a same-identity refresh generation rejects a stale profile response (0.118375ms)
✔ fresh profile projection replaces prior capabilities and invalid source clears them (0.182ms)
✔ an identical projection does not invalidate protected state, but a version change does (0.110666ms)
✔ a permission-only update does not make an expired access request skip its one refresh (0.910542ms)
✔ cookie operation rechecks shared epoch inside lock before sending (0.150458ms)
✔ capability and storage failure block cookie traffic (1.24ms)
✔ unknown logout is persistent and reload does not refresh or clear matching pending (0.794125ms)
✔ logout freezes old business immediately but waits for rotating refresh then uses its token once (2.411708ms)
✔ 403 and unknown 401 reads never refresh or invalidate memory (0.298041ms)
✔ download consumption is rejected when identity changes after headers (0.507709ms)
✔ credential 401 clears its pending operation without ending an existing session (0.079583ms)
✔ invalid cookie response is uncertain with durable pending, never silently resolved (0.072667ms)
✔ definite rejected logout suppresses restore and freezes local identity (0.124083ms)
✔ other-tab identity-changing pending freezes protected responses (0.067125ms)
✔ uncertain state is idempotent so rejected requests cannot trigger a remount loop (0.115125ms)
✔ five native bypass paths share in-memory Bearer and retain their response types (1.178459ms)
✔ a rejected initial login becomes anonymous and cannot trigger automatic restore (0.1385ms)
✔ a rejected login does not clear an already authenticated identity (0.148917ms)
✔ Mock startup is anonymous with zero backend traffic and no pending pollution, then permits login (1.726959ms)
✔ production refresh still uses the transport and preserves ambiguous failure suppression (0.455834ms)
✔ Axios middleware detail 401 recovers exactly once; nested business and unknown 401 never replay (6.895334ms)
✔ Axios refresh 503 remains uncertain without unauthorized callback (1.036667ms)
✔ opt-in projection response carries the retried request snapshot for fail-closed replacement (1.485917ms)
✔ opt-in projection response is rejected after a later identity or permission change (1.655125ms)
✔ only the exact user-delete operation Query GET may refresh once; action POSTs never replay (2.20125ms)
✔ production action request wiring preserves Query headers and refreshes only its GET (550.764667ms)
✔ production operation Query wiring never refreshes nonexact URLs (12.491459ms)
✔ login and refresh validate the complete response before resolving their pending marker (5.591042ms)
✔ documented nullable display fields are valid without weakening the identity DTO (0.674208ms)
✔ session user whitelist excludes server-only and unexpected fields (1.814042ms)
✔ SSE, conversation export, and analytics native requests use the shared authenticated fetch path (4.005541ms)
✔ session rows expose only the browser-safe DTO fields (0.651875ms)
✔ auth API only calls the username and revocable-session contract (2.034458ms)
✔ GUID boundary only accepts nonblank strings and preserves Snowflake precision (0.54425ms)
✔ platform adapters only send conversation_guid and never retired RAG fields (4.007458ms)
✔ GUID resources are URL encoded and analytics use user_guid (2.046458ms)
✔ mock resources contain GUID fields but no retired dataset state (2.093625ms)
✔ frontend state uses opaque GUIDs and has no retired RAG request state (1.811959ms)
✔ getPlatformModelDetail sends slash-qualified IDs once through the detail query endpoint (5.58525ms)
✔ getPlatformModelDetail rejects invalid IDs before making an HTTP request (0.5615ms)
✔ getPlatformModelDetail preserves safe opaque model IDs without normalization (0.281208ms)
✔ profile statistics remain separate from AuthUser and profile 503 does not fail login (1.172417ms)
✔ a stale same-identity profile load cannot replace a refreshed generation (0.215ms)
✔ profile projection display accepts a retried final snapshot but rejects later changes (0.504667ms)
✔ updated profile nickname displays while authentication identity and permissions remain authoritative (0.091ms)
✔ real and mock stream callbacks stop after user cancel or identity invalidation (1.675167ms)
✔ dialog is controlled, traps focus, handles Escape, and exposes lifecycle hooks (1.10825ms)
✔ form has password confirmation and conditional administrator verification without money or token inputs (3.188833ms)
✔ permission editor is tri-state and only rendered for administrator creation (0.129875ms)
✔ Users exposes create only through users.create, owns restore focus, and announces success accessibly (1.678042ms)
✔ Users renders the persisted business group in the refreshed list (0.75025ms)
✔ Users sends permission revisions and permission failures through one synchronous fail-closed refresh (0.35475ms)
✔ localized announcements distinguish known created identity from recovered success (0.25325ms)
✔ mounted dialog opens visibly with username focus and restores the trigger after close and success (63.4745ms)
✔ real Element Plus dialog traps focus, closes on Escape, and restores focus (161.767916ms)
✔ real Element Plus form focuses confirmation and actor-password errors before one submit-button click succeeds (79.563917ms)
✔ real mounted dialog clears secrets and restores focus when refreshed identity loses create authorization (64.817292ms)
✔ compiled dialog AST enforces focus trap, Escape, controlled close, and terminal hooks (1.488833ms)
✔ busy and submit helpers execute the closed state policy and are called by the component script (2.199625ms)
✔ compiled field AST identifies the target and requires a non-revealing current password (0.552208ms)
✔ open, close, and remount clearing leaves model, native input, and private store password empty (1.498708ms)
✔ an already-open store remount clears after native ref mount without closing or replacing its token (1.920292ms)
✔ error and validation focus execute only while their dialog token still owns the next tick (2.030917ms)
✔ a deferred validation rejection from A cannot schedule focus after B opens (0.908625ms)
✔ late component settlement cannot close or focus a newer dialog (0.758375ms)
✔ a late closed event cannot clear or emit against a newer dialog (1.619917ms)
✔ Chinese and English messages state irreversible soft-delete, username retention, credential invalidation, and recovery guidance (0.540125ms)
✔ call distribution keeps every backend ranking entry including other and shows value with percentage (1.75025ms)
✔ empty ranking is an empty chart state instead of a zero-percent pie (0.1635ms)
✔ ranking views use their distinct backend measures and long labels retain the full tooltip text (1.030083ms)
✔ time series map exactly to their labels for calls and user consumption (0.24725ms)
✔ pie chart uses a bottom legend and smaller centered radius on narrow containers (0.087166ms)
✔ all-zero trend aggregates are empty while any recorded metric keeps the trend visible (0.065792ms)
✔ tooltip formatters escape untrusted ranking labels before returning HTML (0.153625ms)
✔ delete visibility requires users.delete, a lower manageable role, and a live target (1.136334ms)
✔ each open owns a fresh workflow and submit derives the frozen displayed intent (1.874125ms)
✔ close and dispose clear private input and cancel the owned workflow (0.356666ms)
✔ ambiguous work never reconciles until the workflow reports succeeded (0.327167ms)
✔ 409 refreshes the displayed target and 401 performs a full reset (0.351292ms)
✔ pending recovery is display-safe and blocks a second submit (0.198458ms)
✔ a known failure can retry only after explicit submit and a conflict target can be refreshed safely (0.496834ms)
✔ a conflict callback must affirm a fresh target or the coordinator fails closed (0.250792ms)
✔ a late success from dialog A cannot reconcile or close reopened same-GUID dialog B (0.382375ms)
✔ a late conflict callback from A cannot replace or invalidate reopened same-GUID dialog B (6.627041ms)
✔ opening B while A success reconciliation is pending preserves B ownership (1.125916ms)
✔ Pinia exposes dialog visibility separately from open and close actions (2.030208ms)
✔ entry, roles, plans, and groups fail closed against the current projection (0.485667ms)
✔ permission overrides exist only for administrator creation and omit inherit (0.309875ms)
✔ Admin stays on user while Root administrator selection alone loads the authz catalog (0.309208ms)
✔ missing groups.read never calls the directory and keeps the immutable omitted default (0.10525ms)
✔ policy conflict refreshes identity, current capabilities, groups, and the applicable catalog once (0.303542ms)
✔ group-not-found refreshes active groups once and makes zero directory requests without groups.read (0.247542ms)
✔ policy refresh makes zero forbidden group or catalog requests after a capability downgrade (5.288541ms)
✔ permission rejection blocks old Root actions and normalizes a downgraded Admin actor before retry (0.417875ms)
✔ authorization refresh closes for lost create capability or actor eligibility without issuing stale requests (0.324167ms)
✔ permission revision and a racing 403 serialize identity refresh and only the newest generation may load directories (2.9695ms)
✔ authorization normalization removes plan, group, role, and override choices revoked by the fresh projection (0.195541ms)
✔ late group and catalog responses cannot cross dialog ownership or role selection (0.453ms)
✔ one logical submit suppresses double clicks and reports direct created identity (0.237083ms)
✔ recovered success without a user closes through the same callback without inventing identity (0.090084ms)
✔ conflict clears every browser secret and workflow-owned ticket/key before retry (0.276667ms)
✔ coordinator scrubs its handoff object as soon as the workflow takes ownership (0.1025ms)
✔ stale success and unmount cannot reconcile a reopened dialog (0.077334ms)
✔ success inserts a known user then reloads page one; recovered success only reloads (0.108083ms)
✔ known and recovered successes both close without deriving a missing identity (0.076792ms)
✔ focus restoration is ownership checked at the next tick (0.089166ms)
✔ Element Plus invalid fields scroll and focus the first failing confirmation or actor-password control (0.12475ms)
✔ initial mount sequence loads selected history exactly once and keeps real history out of Storage (507.982583ms)
✔ list reload preserves an existing selection and loads its detail (0.605875ms)
✔ a selection absent from the refreshed list falls back to loaded first history (0.362833ms)
✔ concurrent initialization shares list and pending detail requests (0.464334ms)
✔ empty account keeps the existing single-new-conversation behavior (1.105541ms)
✔ slow A 200 response cannot replace or remove newly selected B (0.359042ms)
✔ slow A 404 response cannot replace or remove newly selected B (0.550375ms)
✔ slow A 500 response cannot replace or remove newly selected B (0.302083ms)
✔ failed initial detail stays retryable through selecting the same conversation (0.374625ms)
✔ initial 404 removes the requested conversation and loads the fallback history (0.385ms)
✔ failed list request does not create a conversation and can be retried (0.48ms)
✔ sending during initial detail waits for history and keeps the new streamed messages attached (3.524792ms)
✔ ensureActive follows a newly selected pending detail without waiting on it twice or fetching again (0.599583ms)
✔ identity switch does not reuse old pending detail and its old finally cannot clear the new pending (0.627541ms)
✔ ensureActive waiting on history rejects after identity changes instead of returning another account history (0.40575ms)
✔ native clipboard success does not create fallback DOM (1.12325ms)
✔ missing native clipboard falls back and restores focus and selections (0.503625ms)
✔ rejected native clipboard falls back and restores focus and selections (0.100875ms)
✔ fallback false returns false and cleans up (0.078875ms)
✔ fallback throw returns false and cleans up (0.066625ms)
✔ empty input never attempts either clipboard path (0.072584ms)
✔ fallback uses the active dialog rather than the document body (0.080875ms)
✔ missing document or fallback API returns false (0.060708ms)
✔ a cancelled native request cannot start a late fallback (0.122875ms)
✔ restoration failure does not change the confirmed copy result or leak the temporary node (0.10725ms)
✔ input selection is restored after document ranges which may reset its caret (0.152583ms)
✔ an explicit dialog-content container takes precedence over an outer dialog role (0.145ms)
✔ fallback rejects a detached explicit container (0.179125ms)
✔ fallback rejects a foreign-document explicit container (0.114083ms)
✔ conversation state preserves a Snowflake GUID through create, SSE, refresh, and delete (0.708ms)
✔ conversation state rejects numeric or blank identifiers (0.125792ms)
✔ PDF export escapes untrusted conversation text before document.write (21.052416ms)
✔ tokenRows removes secret fields before a token is rendered (0.447708ms)
✔ apiKeySummary counts only active keys that expire in the next seven days (0.952583ms)
✔ isLiteralIP accepts literal addresses but rejects CIDR ranges and host names (0.217917ms)
✔ tokenStatus displays an expired active key as expired (0.062209ms)
✔ expired active keys do not inflate the usable active-key summary (0.075709ms)
✔ gateway token adapter uses only the implemented token CRUD paths and methods (2.893417ms)
✔ API key route and all navigation variants expose the protected page (0.836917ms)
✔ the page keeps a created secret transient and excludes secret persistence or injection sinks (0.522ms)
✔ catalogModels uses only server-authorized dynamic models (1.030416ms)
✔ catalogModels rejects malformed or duplicate model IDs from a response (0.227ms)
✔ selection helpers remove unavailable stored models and cap comparison at three (0.262458ms)
✔ filterModels matches every searchable field case-insensitively (0.843917ms)
✔ filterModels copies all models for a blank query without mutation (0.128584ms)
✔ filterModels safely handles missing fields, invalid lists, and no matches (0.08525ms)
✔ ModelPanel shares filtered models between controls (0.4975ms)
✔ model search translations exist in Chinese and English (0.089875ms)
✔ platform mappers expose business GUIDs as strings without internal IDs or dataset fields (0.521959ms)
✔ usage mapper omits retired dataset metrics (0.356625ms)
✔ platform mappers reject numeric, null, and blank GUIDs (0.095709ms)
✔ profile timestamps accept RFC3339Nano and milliseconds, and reject invalid times (0.352667ms)
✔ parsePlatformEvent reads white-label compare chunk and model lifecycle events (2.450667ms)
✔ parsePlatformEvent keeps client errors generic and rejects untrusted event shapes (0.279042ms)
✔ parsePlatformEvent never exposes model_error message, prompt, password, or authorization data (0.338167ms)
✔ readPlatformCompareStream preserves successful siblings when one model emits model_error (30.147542ms)
✔ readPlatformChatStream uses conversation_guid metadata without retired dataset fields (0.308042ms)
✔ SSE metadata rejects numeric, null, and blank conversation_guid values (0.41125ms)
✔ 401 SSE handling never forwards an upstream secret detail (0.450542ms)
✔ readPlatformChatStream: error cannot become done; missing local done is incomplete (0.295667ms)
✔ readPlatformChatStream: aborted reader is cancelled and has one cancelled terminal (0.301541ms)
✔ readPlatformCompareStream: error cannot become done; missing local done is incomplete (0.199667ms)
✔ readPlatformCompareStream: aborted reader is cancelled and has one cancelled terminal (0.104083ms)
✔ UTF8 byte chunks and CRLF preserve Chinese delta; upstream DONE continues to local done exactly once (0.987459ms)
✔ local done followed by error reports only error, never premature success (0.142625ms)
✔ compiled list and detail templates bind the delete control to the actual three-condition predicate (2.144541ms)
✔ view scripts execute the tested reconciliation, direct-detail refresh, and focus helpers (4.74075ms)
✔ list reconciliation removes only the committed row and preserves page filters and sort (0.534208ms)
✔ detail reconciliation changes only a matching committed target to deleted read-only state (0.087959ms)
✔ 409 refresh replaces the exact target version only when detail remains manageable (0.135208ms)
✔ 409 refresh fails closed on missing, deleted, unmanageable, 401, and any read failure (0.183416ms)
✔ a deferred 42 refresh cannot replace selected user after route changes to 43 (0.100834ms)
✔ a deferred list refresh cannot replace a target after page context changes (0.069416ms)
✔ focus restoration executes against a connected trigger or stable fallback only while A still owns restoration (0.142041ms)
✔ list and detail render the persisted business group (26.109917ms)
✔ Vite proxies only the /api path segment (0.455584ms)
✔ Vite keeps the existing backend target and proxy hook (0.070791ms)
ℹ tests 266
ℹ suites 0
ℹ pass 266
ℹ fail 0
ℹ cancelled 0
ℹ skipped 0
ℹ todo 0
ℹ duration_ms 2516.081083
